// Jest Snapshot v1, https://goo.gl/fbAQLP

exports[`expects to test the use cases of component expects to render component with given props 1`] = `ShallowWrapper {}`;
