// Jest Snapshot v1, https://goo.gl/fbAQLP

exports[`LinkButtonComponent LinkButtonComponent Snapshot render 1`] = `ShallowWrapper {}`;
