// Jest Snapshot v1, https://goo.gl/fbAQLP

exports[`FooterComponent FooterComponent Snapshot render 1`] = `ShallowWrapper {}`;
