// Jest Snapshot v1, https://goo.gl/fbAQLP

exports[`InputSubmitButtonComponent InputSubmitButtonComponent Snapshot render 1`] = `ShallowWrapper {}`;
