// Jest Snapshot v1, https://goo.gl/fbAQLP

exports[`Home snapshot 1`] = `
<div class="home" banners="" categories="">
  <!---->
</div>
`;
