// Jest Snapshot v1, https://goo.gl/fbAQLP

exports[`Product component should match snapshot 1`] = `
Object {
  "asFragment": [Function],
  "baseElement": <body>
    <div>
      <div
        class="product-container"
      >
        <div
          class="product-title"
        />
        <div
          class="product-img-container"
        >
          <img
            class="product-img"
            height="184"
            width="184"
          />
        </div>
        <div
          class="product-desc"
        >
          <p />
        </div>
        <div
          class="buy-now"
        >
          <p>
            Mrp Rs. 
          </p>
          <div
            class="button-container"
          >
            <button
              class="button"
            >
              <div>
                Buy Now
              </div>
            </button>
            <button
              class="button-with-price"
            >
              Buy Now
               @ Rs.
            </button>
          </div>
        </div>
      </div>
    </div>
  </body>,
  "container": <div>
    <div
      class="product-container"
    >
      <div
        class="product-title"
      />
      <div
        class="product-img-container"
      >
        <img
          class="product-img"
          height="184"
          width="184"
        />
      </div>
      <div
        class="product-desc"
      >
        <p />
      </div>
      <div
        class="buy-now"
      >
        <p>
          Mrp Rs. 
        </p>
        <div
          class="button-container"
        >
          <button
            class="button"
          >
            <div>
              Buy Now
            </div>
          </button>
          <button
            class="button-with-price"
          >
            Buy Now
             @ Rs.
          </button>
        </div>
      </div>
    </div>
  </div>,
  "debug": [Function],
  "findAllByAltText": [Function],
  "findAllByDisplayValue": [Function],
  "findAllByLabelText": [Function],
  "findAllByPlaceholderText": [Function],
  "findAllByRole": [Function],
  "findAllByTestId": [Function],
  "findAllByText": [Function],
  "findAllByTitle": [Function],
  "findByAltText": [Function],
  "findByDisplayValue": [Function],
  "findByLabelText": [Function],
  "findByPlaceholderText": [Function],
  "findByRole": [Function],
  "findByTestId": [Function],
  "findByText": [Function],
  "findByTitle": [Function],
  "getAllByAltText": [Function],
  "getAllByDisplayValue": [Function],
  "getAllByLabelText": [Function],
  "getAllByPlaceholderText": [Function],
  "getAllByRole": [Function],
  "getAllByTestId": [Function],
  "getAllByText": [Function],
  "getAllByTitle": [Function],
  "getByAltText": [Function],
  "getByDisplayValue": [Function],
  "getByLabelText": [Function],
  "getByPlaceholderText": [Function],
  "getByRole": [Function],
  "getByTestId": [Function],
  "getByText": [Function],
  "getByTitle": [Function],
  "queryAllByAltText": [Function],
  "queryAllByDisplayValue": [Function],
  "queryAllByLabelText": [Function],
  "queryAllByPlaceholderText": [Function],
  "queryAllByRole": [Function],
  "queryAllByTestId": [Function],
  "queryAllByText": [Function],
  "queryAllByTitle": [Function],
  "queryByAltText": [Function],
  "queryByDisplayValue": [Function],
  "queryByLabelText": [Function],
  "queryByPlaceholderText": [Function],
  "queryByRole": [Function],
  "queryByTestId": [Function],
  "queryByText": [Function],
  "queryByTitle": [Function],
  "rerender": [Function],
  "unmount": [Function],
}
`;
