// Vitest Snapshot v1, https://vitest.dev/guide/snapshot.html

exports[`should match Homepage snapshot 1`] = `
{
  "asFragment": [Function],
  "baseElement": <body>
    <div>
      <section
        class="login grid"
        id="login"
      >
        <div
          class="description"
        >
          <h1>
            Login
          </h1>
          <p>
            Get access to your orders, Wishlist and Recommendations.
          </p>
        </div>
        <div
          class="login-form"
        >
          <form>
            <div
              class="input-group "
            >
              <input
                aria-invalid="false"
                aria-label="email"
                aria-required="true"
                class="input-control"
                id="email"
                name="email"
                placeholder=" "
                type="email"
                value=""
              />
              <label
                class="input-label"
                for="email"
              >
                Email
              </label>
            </div>
            <div
              class="input-group "
            >
              <input
                aria-invalid="false"
                aria-label="password"
                aria-required="true"
                class="input-control"
                id="password"
                name="password"
                placeholder=" "
                type="password"
                value=""
              />
              <label
                class="input-label"
                for="password"
              >
                Password
              </label>
            </div>
            <button
              class="btn primary "
              disabled=""
              type="submit"
            >
              Login
            </button>
          </form>
        </div>
      </section>
    </div>
  </body>,
  "container": <div>
    <section
      class="login grid"
      id="login"
    >
      <div
        class="description"
      >
        <h1>
          Login
        </h1>
        <p>
          Get access to your orders, Wishlist and Recommendations.
        </p>
      </div>
      <div
        class="login-form"
      >
        <form>
          <div
            class="input-group "
          >
            <input
              aria-invalid="false"
              aria-label="email"
              aria-required="true"
              class="input-control"
              id="email"
              name="email"
              placeholder=" "
              type="email"
              value=""
            />
            <label
              class="input-label"
              for="email"
            >
              Email
            </label>
          </div>
          <div
            class="input-group "
          >
            <input
              aria-invalid="false"
              aria-label="password"
              aria-required="true"
              class="input-control"
              id="password"
              name="password"
              placeholder=" "
              type="password"
              value=""
            />
            <label
              class="input-label"
              for="password"
            >
              Password
            </label>
          </div>
          <button
            class="btn primary "
            disabled=""
            type="submit"
          >
            Login
          </button>
        </form>
      </div>
    </section>
  </div>,
  "debug": [Function],
  "findAllByAltText": [Function],
  "findAllByDisplayValue": [Function],
  "findAllByLabelText": [Function],
  "findAllByPlaceholderText": [Function],
  "findAllByRole": [Function],
  "findAllByTestId": [Function],
  "findAllByText": [Function],
  "findAllByTitle": [Function],
  "findByAltText": [Function],
  "findByDisplayValue": [Function],
  "findByLabelText": [Function],
  "findByPlaceholderText": [Function],
  "findByRole": [Function],
  "findByTestId": [Function],
  "findByText": [Function],
  "findByTitle": [Function],
  "getAllByAltText": [Function],
  "getAllByDisplayValue": [Function],
  "getAllByLabelText": [Function],
  "getAllByPlaceholderText": [Function],
  "getAllByRole": [Function],
  "getAllByTestId": [Function],
  "getAllByText": [Function],
  "getAllByTitle": [Function],
  "getByAltText": [Function],
  "getByDisplayValue": [Function],
  "getByLabelText": [Function],
  "getByPlaceholderText": [Function],
  "getByRole": [Function],
  "getByTestId": [Function],
  "getByText": [Function],
  "getByTitle": [Function],
  "queryAllByAltText": [Function],
  "queryAllByDisplayValue": [Function],
  "queryAllByLabelText": [Function],
  "queryAllByPlaceholderText": [Function],
  "queryAllByRole": [Function],
  "queryAllByTestId": [Function],
  "queryAllByText": [Function],
  "queryAllByTitle": [Function],
  "queryByAltText": [Function],
  "queryByDisplayValue": [Function],
  "queryByLabelText": [Function],
  "queryByPlaceholderText": [Function],
  "queryByRole": [Function],
  "queryByTestId": [Function],
  "queryByText": [Function],
  "queryByTitle": [Function],
  "rerender": [Function],
  "unmount": [Function],
}
`;
