// Jest Snapshot v1, https://goo.gl/fbAQLP

exports[`Header render part Renders Correctly 1`] = `ShallowWrapper {}`;
