// Jest Snapshot v1, https://goo.gl/fbAQLP

exports[`Renders App Correctly 1`] = `ShallowWrapper {}`;
