// Jest Snapshot v1, https://goo.gl/fbAQLP

exports[`Basket Rendered Basket Correctly 1`] = `ShallowWrapper {}`;
