// Jest Snapshot v1, https://goo.gl/fbAQLP

exports[`<Categories  /> should match snapshot 1`] = `<div />`;
