// Jest Snapshot v1, https://goo.gl/fbAQLP

exports[`Login should render our Snapshots correctly 1`] = `ShallowWrapper {}`;
