// Jest Snapshot v1, https://goo.gl/fbAQLP

exports[`AccordionComponent AccordionComponent Snapshot render 1`] = `ShallowWrapper {}`;
