// Jest Snapshot v1, https://goo.gl/fbAQLP

exports[`Register should match RegisterPage snapshot 1`] = `
{
  "asFragment": [Function],
  "baseElement": <body>
    <div>
      <section
        class="login-section"
      >
        <header>
          <h2>
            Signup
          </h2>
          <p>
            We do not share your personal data with anyone.
          </p>
        </header>
        <form>
          <div
            class="form-input-filed"
          >
            <input
              aria-label="First Name"
              id="firstName"
              placeholder=" "
              type="text"
              value=""
            />
            <label
              class="form-input-filed--text-label"
              for="firstName"
            >
              First Name
            </label>
          </div>
          <div
            class="form-input-filed"
          >
            <input
              aria-label="Last Name"
              id="lastName"
              placeholder=" "
              type="text"
              value=""
            />
            <label
              class="form-input-filed--text-label"
              for="lastName"
            >
              Last Name
            </label>
          </div>
          <div
            class="form-input-filed"
          >
            <input
              aria-label="Email"
              id="email"
              placeholder=" "
              type="email"
              value=""
            />
            <label
              class="form-input-filed--text-label"
              for="email"
            >
              Email
            </label>
          </div>
          <div
            class="form-input-filed"
          >
            <input
              aria-label="Password"
              id="password"
              placeholder=" "
              type="password"
              value=""
            />
            <label
              class="form-input-filed--text-label"
              for="password"
            >
              Password
            </label>
          </div>
          <div
            class="form-input-filed"
          >
            <input
              aria-label="Confirm Password"
              id="confirmPassword"
              placeholder=" "
              type="password"
              value=""
            />
            <label
              class="form-input-filed--text-label"
              for="confirmPassword"
            >
              Confirm Password
            </label>
          </div>
          <button
            class="btn btn--primary undefined"
            disabled=""
            type="submit"
          >
            Signup
          </button>
        </form>
      </section>
    </div>
  </body>,
  "container": <div>
    <section
      class="login-section"
    >
      <header>
        <h2>
          Signup
        </h2>
        <p>
          We do not share your personal data with anyone.
        </p>
      </header>
      <form>
        <div
          class="form-input-filed"
        >
          <input
            aria-label="First Name"
            id="firstName"
            placeholder=" "
            type="text"
            value=""
          />
          <label
            class="form-input-filed--text-label"
            for="firstName"
          >
            First Name
          </label>
        </div>
        <div
          class="form-input-filed"
        >
          <input
            aria-label="Last Name"
            id="lastName"
            placeholder=" "
            type="text"
            value=""
          />
          <label
            class="form-input-filed--text-label"
            for="lastName"
          >
            Last Name
          </label>
        </div>
        <div
          class="form-input-filed"
        >
          <input
            aria-label="Email"
            id="email"
            placeholder=" "
            type="email"
            value=""
          />
          <label
            class="form-input-filed--text-label"
            for="email"
          >
            Email
          </label>
        </div>
        <div
          class="form-input-filed"
        >
          <input
            aria-label="Password"
            id="password"
            placeholder=" "
            type="password"
            value=""
          />
          <label
            class="form-input-filed--text-label"
            for="password"
          >
            Password
          </label>
        </div>
        <div
          class="form-input-filed"
        >
          <input
            aria-label="Confirm Password"
            id="confirmPassword"
            placeholder=" "
            type="password"
            value=""
          />
          <label
            class="form-input-filed--text-label"
            for="confirmPassword"
          >
            Confirm Password
          </label>
        </div>
        <button
          class="btn btn--primary undefined"
          disabled=""
          type="submit"
        >
          Signup
        </button>
      </form>
    </section>
  </div>,
  "debug": [Function],
  "findAllByAltText": [Function],
  "findAllByDisplayValue": [Function],
  "findAllByLabelText": [Function],
  "findAllByPlaceholderText": [Function],
  "findAllByRole": [Function],
  "findAllByTestId": [Function],
  "findAllByText": [Function],
  "findAllByTitle": [Function],
  "findByAltText": [Function],
  "findByDisplayValue": [Function],
  "findByLabelText": [Function],
  "findByPlaceholderText": [Function],
  "findByRole": [Function],
  "findByTestId": [Function],
  "findByText": [Function],
  "findByTitle": [Function],
  "getAllByAltText": [Function],
  "getAllByDisplayValue": [Function],
  "getAllByLabelText": [Function],
  "getAllByPlaceholderText": [Function],
  "getAllByRole": [Function],
  "getAllByTestId": [Function],
  "getAllByText": [Function],
  "getAllByTitle": [Function],
  "getByAltText": [Function],
  "getByDisplayValue": [Function],
  "getByLabelText": [Function],
  "getByPlaceholderText": [Function],
  "getByRole": [Function],
  "getByTestId": [Function],
  "getByText": [Function],
  "getByTitle": [Function],
  "queryAllByAltText": [Function],
  "queryAllByDisplayValue": [Function],
  "queryAllByLabelText": [Function],
  "queryAllByPlaceholderText": [Function],
  "queryAllByRole": [Function],
  "queryAllByTestId": [Function],
  "queryAllByText": [Function],
  "queryAllByTitle": [Function],
  "queryByAltText": [Function],
  "queryByDisplayValue": [Function],
  "queryByLabelText": [Function],
  "queryByPlaceholderText": [Function],
  "queryByRole": [Function],
  "queryByTestId": [Function],
  "queryByText": [Function],
  "queryByTitle": [Function],
  "rerender": [Function],
  "unmount": [Function],
}
`;
