// Jest Snapshot v1, https://goo.gl/fbAQLP

exports[`DataGridComponent DataGridComponent Snapshot render 1`] = `ShallowWrapper {}`;
