// Jest Snapshot v1, https://goo.gl/fbAQLP

exports[`RegisterComponent rendering should render our Snapshots correctly 1`] = `ShallowWrapper {}`;
