// Jest Snapshot v1, https://goo.gl/fbAQLP

exports[`Footer snapshot 1`] = `<div>Copyright Â© 2011-2018 Sabka Bazaar Grocery Supplies Pvt Ltd</div>`;
