// Jest Snapshot v1, https://goo.gl/fbAQLP

exports[`test footer snapshot test footer 1`] = `
<div
  className="footer"
>
  <div
    className="container"
  >
    <p>
      Copyright Â© 2011-2022 Sabka Bazaar Grocery Supplies Pvt Ltd.
    </p>
  </div>
</div>
`;
