// Jest Snapshot v1, https://goo.gl/fbAQLP

exports[`CartComponent CartComponent Snapshot render 1`] = `ShallowWrapper {}`;
