// Jest Snapshot v1, https://goo.gl/fbAQLP

exports[`App App Snapshot render 1`] = `ShallowWrapper {}`;
