// Jest Snapshot v1, https://goo.gl/fbAQLP

exports[`InputTextBoxComponent InputTextBoxComponent Snapshot render 1`] = `ShallowWrapper {}`;
