// Jest Snapshot v1, https://goo.gl/fbAQLP

exports[`Expects to test the majot uses cases of the component expects to render the component with all the props 1`] = `ShallowWrapper {}`;
