// Jest Snapshot v1, https://goo.gl/fbAQLP

exports[`BannerComponent BannerComponent Snapshot render 1`] = `ShallowWrapper {}`;
