// Jest Snapshot v1, https://goo.gl/fbAQLP

exports[`CartItem component should match snapshot 1`] = `
Object {
  "asFragment": [Function],
  "baseElement": <body>
    <div>
      <div
        class="cart-item-container"
      >
        <div
          class="cart-item-img-container"
        >
          <img
            class="cart-item-img"
            height="60"
            width="60"
          />
        </div>
        <div
          class="cart-item-info"
        >
          <div
            class="cart-item-desc"
          >
            <div
              class="cart-item-name"
            />
            <div>
              <button
                class="circular-btn"
              >
                <div>
                  -
                </div>
              </button>
              <span
                class="quantity"
              />
              <button
                class="circular-btn"
              >
                <div>
                  +
                </div>
              </button>
              <span
                class="quantity"
              >
                x
              </span>
               Rs.
            </div>
          </div>
          <div
            class="cart-item-total"
          >
            Rs.
            NaN
          </div>
        </div>
      </div>
    </div>
  </body>,
  "container": <div>
    <div
      class="cart-item-container"
    >
      <div
        class="cart-item-img-container"
      >
        <img
          class="cart-item-img"
          height="60"
          width="60"
        />
      </div>
      <div
        class="cart-item-info"
      >
        <div
          class="cart-item-desc"
        >
          <div
            class="cart-item-name"
          />
          <div>
            <button
              class="circular-btn"
            >
              <div>
                -
              </div>
            </button>
            <span
              class="quantity"
            />
            <button
              class="circular-btn"
            >
              <div>
                +
              </div>
            </button>
            <span
              class="quantity"
            >
              x
            </span>
             Rs.
          </div>
        </div>
        <div
          class="cart-item-total"
        >
          Rs.
          NaN
        </div>
      </div>
    </div>
  </div>,
  "debug": [Function],
  "findAllByAltText": [Function],
  "findAllByDisplayValue": [Function],
  "findAllByLabelText": [Function],
  "findAllByPlaceholderText": [Function],
  "findAllByRole": [Function],
  "findAllByTestId": [Function],
  "findAllByText": [Function],
  "findAllByTitle": [Function],
  "findByAltText": [Function],
  "findByDisplayValue": [Function],
  "findByLabelText": [Function],
  "findByPlaceholderText": [Function],
  "findByRole": [Function],
  "findByTestId": [Function],
  "findByText": [Function],
  "findByTitle": [Function],
  "getAllByAltText": [Function],
  "getAllByDisplayValue": [Function],
  "getAllByLabelText": [Function],
  "getAllByPlaceholderText": [Function],
  "getAllByRole": [Function],
  "getAllByTestId": [Function],
  "getAllByText": [Function],
  "getAllByTitle": [Function],
  "getByAltText": [Function],
  "getByDisplayValue": [Function],
  "getByLabelText": [Function],
  "getByPlaceholderText": [Function],
  "getByRole": [Function],
  "getByTestId": [Function],
  "getByText": [Function],
  "getByTitle": [Function],
  "queryAllByAltText": [Function],
  "queryAllByDisplayValue": [Function],
  "queryAllByLabelText": [Function],
  "queryAllByPlaceholderText": [Function],
  "queryAllByRole": [Function],
  "queryAllByTestId": [Function],
  "queryAllByText": [Function],
  "queryAllByTitle": [Function],
  "queryByAltText": [Function],
  "queryByDisplayValue": [Function],
  "queryByLabelText": [Function],
  "queryByPlaceholderText": [Function],
  "queryByRole": [Function],
  "queryByTestId": [Function],
  "queryByText": [Function],
  "queryByTitle": [Function],
  "rerender": [Function],
  "unmount": [Function],
}
`;
