// Jest Snapshot v1, https://goo.gl/fbAQLP

exports[`Filled cart component should match snapshot 1`] = `
Object {
  "asFragment": [Function],
  "baseElement": <body>
    <div>
      <div
        class="cart-items-list"
      />
      <div
        class="price-tag-container"
      >
        <div>
          <img
            alt="lowest price guaranteed image"
            class="lowest-price-tag"
            height="30"
            src="/static/images/lowest-price.png"
            width="60"
          />
        </div>
        <div>
          <p>
            You won't find it cheaper anywhere
          </p>
        </div>
      </div>
      <div
        class="checkout-section"
      >
        <p>
          Promo code can be applied on payment page
        </p>
        <div
          class="checkout-btn-container"
        >
          <button
            class="checkout-btn"
          >
            <div>
              Proceed to Checkout
            </div>
            <div
              class="price-container"
            >
              <div>
                Rs.
                0
              </div>
              <div>
                &gt;
              </div>
            </div>
          </button>
        </div>
      </div>
    </div>
  </body>,
  "container": <div>
    <div
      class="cart-items-list"
    />
    <div
      class="price-tag-container"
    >
      <div>
        <img
          alt="lowest price guaranteed image"
          class="lowest-price-tag"
          height="30"
          src="/static/images/lowest-price.png"
          width="60"
        />
      </div>
      <div>
        <p>
          You won't find it cheaper anywhere
        </p>
      </div>
    </div>
    <div
      class="checkout-section"
    >
      <p>
        Promo code can be applied on payment page
      </p>
      <div
        class="checkout-btn-container"
      >
        <button
          class="checkout-btn"
        >
          <div>
            Proceed to Checkout
          </div>
          <div
            class="price-container"
          >
            <div>
              Rs.
              0
            </div>
            <div>
              &gt;
            </div>
          </div>
        </button>
      </div>
    </div>
  </div>,
  "debug": [Function],
  "findAllByAltText": [Function],
  "findAllByDisplayValue": [Function],
  "findAllByLabelText": [Function],
  "findAllByPlaceholderText": [Function],
  "findAllByRole": [Function],
  "findAllByTestId": [Function],
  "findAllByText": [Function],
  "findAllByTitle": [Function],
  "findByAltText": [Function],
  "findByDisplayValue": [Function],
  "findByLabelText": [Function],
  "findByPlaceholderText": [Function],
  "findByRole": [Function],
  "findByTestId": [Function],
  "findByText": [Function],
  "findByTitle": [Function],
  "getAllByAltText": [Function],
  "getAllByDisplayValue": [Function],
  "getAllByLabelText": [Function],
  "getAllByPlaceholderText": [Function],
  "getAllByRole": [Function],
  "getAllByTestId": [Function],
  "getAllByText": [Function],
  "getAllByTitle": [Function],
  "getByAltText": [Function],
  "getByDisplayValue": [Function],
  "getByLabelText": [Function],
  "getByPlaceholderText": [Function],
  "getByRole": [Function],
  "getByTestId": [Function],
  "getByText": [Function],
  "getByTitle": [Function],
  "queryAllByAltText": [Function],
  "queryAllByDisplayValue": [Function],
  "queryAllByLabelText": [Function],
  "queryAllByPlaceholderText": [Function],
  "queryAllByRole": [Function],
  "queryAllByTestId": [Function],
  "queryAllByText": [Function],
  "queryAllByTitle": [Function],
  "queryByAltText": [Function],
  "queryByDisplayValue": [Function],
  "queryByLabelText": [Function],
  "queryByPlaceholderText": [Function],
  "queryByRole": [Function],
  "queryByTestId": [Function],
  "queryByText": [Function],
  "queryByTitle": [Function],
  "rerender": [Function],
  "unmount": [Function],
}
`;
